
> grokking-temp@0.1.0 build
> next build

▲ Next.js 16.1.6 (Turbopack)

⚠ The "middleware" file convention is deprecated. Please use "proxy" instead. Learn more: https://nextjs.org/docs/messages/middleware-to-proxy
  Creating an optimized production build ...

-----
FATAL: An unexpected Turbopack error occurred. A panic log has been written to C:\Users\bilal\AppData\Local\Temp\next-panic-3a924d1aabb95f1479f10691605d7fbc.log.

To help make Turbopack better, report this error by clicking here: https://github.com/vercel/next.js/discussions/new?category=turbopack-error-report&title=Turbopack%20Error%3A%20Symlink%20node_modules%20is%20invalid%2C%20it%20points%20out%20of%20the%20filesystem%20root&body=Turbopack%20version%3A%20%6023c46498%60%0ANext.js%20version%3A%20%600.0.0%60%0A%0AError%20message%3A%0A%60%60%60%0ATurbopack%20Error%3A%20Symlink%20node_modules%20is%20invalid%2C%20it%20points%20out%20of%20the%20filesystem%20root%0A%60%60%60&labels=Turbopack,Turbopack%20Panic%20Backtrace
-----


> Build error occurred
Error [TurbopackInternalError]: Symlink node_modules is invalid, it points out of the filesystem root

Debug info:
- Execution of get_all_written_entrypoints_with_issues_operation failed
- Execution of EntrypointsOperation::new failed
- Execution of all_entrypoints_write_to_disk_operation failed
- Execution of Project::emit_all_output_assets failed
- Execution of *emit_assets failed
- Execution of all_assets_from_entries_operation failed
- Execution of *all_assets_from_entries failed
- Execution of output_assets_operation failed
- Execution of Project::get_all_endpoints failed
- Execution of Project::get_all_endpoint_groups failed
- Execution of Project::entrypoints failed
- Execution of AppProject::routes failed
- Execution of directory_tree_to_entrypoints_internal failed
- Execution of directory_tree_to_loader_tree failed
- Execution of try_get_next_package failed
- Execution of *ResolveResult::first_source failed
- Execution of resolve failed
- Execution of resolve_internal failed
- Execution of find_package failed
- Symlink node_modules is invalid, it points out of the filesystem root
    at ignore-listed frames {
  type: 'TurbopackInternalError',
  location: undefined
}
